// Jest Snapshot v1, https://goo.gl/fbAQLP

exports[`initializeInRepo should initialize in solid repo 1`] = `
Object {
  "1168397+davedbase@users.noreply.github.com": Object {
    "email": "1168397+davedbase@users.noreply.github.com",
    "loc": 186,
    "percentageOfTotal": 0.02277159720717379,
    "total_additions": 94,
    "total_deletions": 92,
  },
  "49699333+dependabot[bot]@users.noreply.github.com": Object {
    "email": "49699333+dependabot[bot]@users.noreply.github.com",
    "loc": 96,
    "percentageOfTotal": 0.011753082429509051,
    "total_additions": 63,
    "total_deletions": 33,
  },
  "aminyahyaabadi74@gmail.com": Object {
    "email": "aminyahyaabadi74@gmail.com",
    "loc": 122,
    "percentageOfTotal": 0.014936208920834419,
    "total_additions": 121,
    "total_deletions": 1,
  },
  "amoutonbrady@gmail.com": Object {
    "email": "amoutonbrady@gmail.com",
    "loc": 2,
    "percentageOfTotal": 0.00024485588394810524,
    "total_additions": 1,
    "total_deletions": 1,
  },
  "anton.yurovskykh@gmail.com": Object {
    "email": "anton.yurovskykh@gmail.com",
    "loc": 2,
    "percentageOfTotal": 0.00024485588394810524,
    "total_additions": 1,
    "total_deletions": 1,
  },
  "atif5801@gmail.com": Object {
    "email": "atif5801@gmail.com",
    "loc": 1,
    "percentageOfTotal": 0.00012242794197405262,
    "total_additions": 1,
    "total_deletions": 0,
  },
  "basaratali@gmail.com": Object {
    "email": "basaratali@gmail.com",
    "loc": 8,
    "percentageOfTotal": 0.000979423535792421,
    "total_additions": 6,
    "total_deletions": 2,
  },
  "bryndyment@gmail.com": Object {
    "email": "bryndyment@gmail.com",
    "loc": 14,
    "percentageOfTotal": 0.0017139911876367367,
    "total_additions": 7,
    "total_deletions": 7,
  },
  "david@pilotinterative.ca": Object {
    "email": "david@pilotinterative.ca",
    "loc": 38,
    "percentageOfTotal": 0.0046522617950139995,
    "total_additions": 19,
    "total_deletions": 19,
  },
  "enom@enom.ws": Object {
    "email": "enom@enom.ws",
    "loc": 2,
    "percentageOfTotal": 0.00024485588394810524,
    "total_additions": 1,
    "total_deletions": 1,
  },
  "github.100.fkeller@spamgourmet.com": Object {
    "email": "github.100.fkeller@spamgourmet.com",
    "loc": 109,
    "percentageOfTotal": 0.013344645675171735,
    "total_additions": 65,
    "total_deletions": 44,
  },
  "guido4000@users.noreply.github.com": Object {
    "email": "guido4000@users.noreply.github.com",
    "loc": 2,
    "percentageOfTotal": 0.00024485588394810524,
    "total_additions": 1,
    "total_deletions": 1,
  },
  "james@neodon.com": Object {
    "email": "james@neodon.com",
    "loc": 187,
    "percentageOfTotal": 0.02289402514914784,
    "total_additions": 179,
    "total_deletions": 8,
  },
  "joe@trusktr.io": Object {
    "email": "joe@trusktr.io",
    "loc": 4,
    "percentageOfTotal": 0.0004897117678962105,
    "total_additions": 1,
    "total_deletions": 3,
  },
  "modderme123@users.noreply.github.com": Object {
    "email": "modderme123@users.noreply.github.com",
    "loc": 2,
    "percentageOfTotal": 0.00024485588394810524,
    "total_additions": 1,
    "total_deletions": 1,
  },
  "nicolas.dermine@gmail.com": Object {
    "email": "nicolas.dermine@gmail.com",
    "loc": 2,
    "percentageOfTotal": 0.00024485588394810524,
    "total_additions": 1,
    "total_deletions": 1,
  },
  "praneybehl@gmail.com": Object {
    "email": "praneybehl@gmail.com",
    "loc": 3,
    "percentageOfTotal": 0.00036728382592215785,
    "total_additions": 2,
    "total_deletions": 1,
  },
  "rajeev22.18@gmail.com": Object {
    "email": "rajeev22.18@gmail.com",
    "loc": 10,
    "percentageOfTotal": 0.0012242794197405262,
    "total_additions": 5,
    "total_deletions": 5,
  },
  "ryansolid@gmail.com": Object {
    "email": "ryansolid@gmail.com",
    "loc": 816000,
    "percentageOfTotal": 99.90120065082694,
    "total_additions": 427412,
    "total_deletions": 388588,
  },
  "sewell.steve@gmail.com": Object {
    "email": "sewell.steve@gmail.com",
    "loc": 2,
    "percentageOfTotal": 0.00024485588394810524,
    "total_additions": 1,
    "total_deletions": 1,
  },
  "trusktr@gmail.com": Object {
    "email": "trusktr@gmail.com",
    "loc": 15,
    "percentageOfTotal": 0.0018364191296107893,
    "total_additions": 14,
    "total_deletions": 1,
  },
}
`;
